// Jest Snapshot v1, https://goo.gl/fbAQLP

exports[`DownloadErrors component component snapshots failed: show error 1`] = `
<ReviewError
  actions={
    {
      "cancel": {
        "message": {
          "defaultMessage": "Bỏ qua",
          "description": "Dismiss error action button text",
          "id": "ora-grading.ReviewModal.dismiss",
        },
        "onClick": [Function],
      },
      "confirm": {
        "message": {
          "defaultMessage": "Thử tải lại",
          "description": "Failed download retry button text",
          "id": "ora-grading.ReviewModal.errorRetryDownload",
        },
        "onClick": [MockFunction this.props.downloadFiles],
      },
    }
  }
  headingMessage={
    {
      "defaultMessage": "Không thể tải xuống tệp",
      "id": "ora-grading.ReviewModal.errorDownloadFailed",
    }
  }
  key="downloadFailed"
>
  <FormattedMessage
    defaultMessage="Rất tiếc, đã xảy ra lỗi khi chúng tôi cố gắng tải xuống các tệp này. Vui lòng thử lại."
    description="Failed download error content"
    id="ora-grading.ReviewModal.errorDownloadFailedContent"
  />
  <br />
  <FormattedMessage
    defaultMessage="Các tệp không thành công:"
    description="List header for file download failure alert"
    id="ora-grading.ReviewModal.errorDownloadFailedFiles"
  />
  <ul>
    <li
      key="file-1-failed.error"
    >
      file-1-failed.error
    </li>
    <li
      key="file-2.failed"
    >
      file-2.failed
    </li>
  </ul>
</ReviewError>
`;

exports[`DownloadErrors component component snapshots not failed: hide error 1`] = `null`;
