// Jest Snapshot v1, https://goo.gl/fbAQLP

exports[`DemoWarning component snapshots does not render if disabled flag is missing 1`] = `null`;

exports[`DemoWarning component snapshots snapshot: disabled flag is present 1`] = `
<Alert
  className="mb-0 rounded-0"
  variant="warning"
>
  <Alert.Heading>
    <FormattedMessage
      defaultMessage="Chế độ Demo"
      description="Demo mode heading"
      id="ora-grading.ReviewModal.demoHeading"
    />
  </Alert.Heading>
  <p>
    <FormattedMessage
      defaultMessage="Bạn đang demo trải nghiệm chấm điểm nhân viên ORA mới. Bạn sẽ không thể nộp điểm cho đến khi kích hoạt tính năng này. Đây sẽ trở thành trải nghiệm chấm điểm mặc định vào ngày 9 tháng 5 (05/09/2022). Để tham gia sớm hoặc từ chối, vui lòng liên hệ Hỗ trợ đối tác."
      description="Demo mode message"
      id="ora-grading.ReviewModal.demoMessage"
    />
  </p>
</Alert>
`;
